Archive member included to satisfy reference by file (symbol)

.\CortexM3\ARM_GCC_541\Debug\ForwardBias.a(CyLib.o)
                              .\CortexM3\ARM_GCC_541\Debug\Cm3Start.o (CyHalt)
.\CortexM3\ARM_GCC_541\Debug\ForwardBias.a(cyPm.o)
                              .\CortexM3\ARM_GCC_541\Debug\ForwardBias.a(CyLib.o) (CyPmReadStatus)
.\CortexM3\ARM_GCC_541\Debug\ForwardBias.a(UART.o)
                              .\CortexM3\ARM_GCC_541\Debug\main.o (UART_Start)
.\CortexM3\ARM_GCC_541\Debug\ForwardBias.a(UART_IntClock.o)
                              .\CortexM3\ARM_GCC_541\Debug\ForwardBias.a(UART.o) (UART_IntClock_Start)
.\CortexM3\ARM_GCC_541\Debug\ForwardBias.a(ADC.o)
                              .\CortexM3\ARM_GCC_541\Debug\main.o (ADC_Start)
.\CortexM3\ARM_GCC_541\Debug\ForwardBias.a(ADC_INT.o)
                              .\CortexM3\ARM_GCC_541\Debug\ForwardBias.a(ADC.o) (ADC_ISR)
.\CortexM3\ARM_GCC_541\Debug\ForwardBias.a(PWM.o)
                              .\CortexM3\ARM_GCC_541\Debug\main.o (PWM_WriteCompare1)
.\CortexM3\ARM_GCC_541\Debug\ForwardBias.a(ADC_theACLK.o)
                              .\CortexM3\ARM_GCC_541\Debug\ForwardBias.a(ADC.o) (ADC_theACLK_SetModeRegister)
.\CortexM3\ARM_GCC_541\Debug\ForwardBias.a(Timer.o)
                              .\CortexM3\ARM_GCC_541\Debug\main.o (Timer_Start)
.\CortexM3\ARM_GCC_541\Debug\ForwardBias.a(FlagPin.o)
                              .\CortexM3\ARM_GCC_541\Debug\main.o (FlagPin_Write)
.\CortexM3\ARM_GCC_541\Debug\ForwardBias.a(detectingLED.o)
                              .\CortexM3\ARM_GCC_541\Debug\main.o (detectingLED_Write)
.\CortexM3\ARM_GCC_541\Debug\ForwardBias.a(StartTimePin.o)
                              .\CortexM3\ARM_GCC_541\Debug\main.o (StartTimePin_Write)
.\CortexM3\ARM_GCC_541\Debug\ForwardBias.a(CyBootAsmGnu.o)
                              .\CortexM3\ARM_GCC_541\Debug\cyfitter_cfg.o (CyDelayCycles)
.\CortexM3\ARM_GCC_541\Debug\ForwardBias.a(CyFlash.o)
                              .\CortexM3\ARM_GCC_541\Debug\ForwardBias.a(cyPm.o) (CyFlash_SetWaitCycles)
.\CortexM3\ARM_GCC_541\Debug\ForwardBias.a(CySpc.o)
                              .\CortexM3\ARM_GCC_541\Debug\ForwardBias.a(CyFlash.o) (CySpcStart)
c:/program files (x86)/cypress/psoc creator/4.4/psoc creator/import/gnu/arm/5.4.1/bin/../lib/gcc/arm-none-eabi/5.4.1/armv7-m\libgcc.a(_arm_addsubsf3.o)
                              .\CortexM3\ARM_GCC_541\Debug\ForwardBias.a(ADC.o) (__aeabi_i2f)
c:/program files (x86)/cypress/psoc creator/4.4/psoc creator/import/gnu/arm/5.4.1/bin/../lib/gcc/arm-none-eabi/5.4.1/armv7-m\libgcc.a(_arm_muldivsf3.o)
                              .\CortexM3\ARM_GCC_541\Debug\ForwardBias.a(ADC.o) (__aeabi_fmul)
c:/program files (x86)/cypress/psoc creator/4.4/psoc creator/import/gnu/arm/5.4.1/bin/../lib/gcc/arm-none-eabi/5.4.1/armv7-m\libgcc.a(_aeabi_ldivmod.o)
                              .\CortexM3\ARM_GCC_541\Debug\ForwardBias.a(ADC.o) (__aeabi_ldivmod)
c:/program files (x86)/cypress/psoc creator/4.4/psoc creator/import/gnu/arm/5.4.1/bin/../lib/gcc/arm-none-eabi/5.4.1/armv7-m\libgcc.a(_udivmoddi4.o)
                              c:/program files (x86)/cypress/psoc creator/4.4/psoc creator/import/gnu/arm/5.4.1/bin/../lib/gcc/arm-none-eabi/5.4.1/armv7-m\libgcc.a(_aeabi_ldivmod.o) (__udivmoddi4)
c:/program files (x86)/cypress/psoc creator/4.4/psoc creator/import/gnu/arm/5.4.1/bin/../lib/gcc/arm-none-eabi/5.4.1/armv7-m\libgcc.a(_dvmd_tls.o)
                              c:/program files (x86)/cypress/psoc creator/4.4/psoc creator/import/gnu/arm/5.4.1/bin/../lib/gcc/arm-none-eabi/5.4.1/armv7-m\libgcc.a(_aeabi_ldivmod.o) (__aeabi_ldiv0)
c:/program files (x86)/cypress/psoc creator/4.4/psoc creator/import/gnu/arm/5.4.1/bin/../lib/gcc/arm-none-eabi/5.4.1/../../../../arm-none-eabi/lib/armv7-m\libg_nano.a(lib_a-errno.o)
                              .\CortexM3\ARM_GCC_541\Debug\Cm3Start.o (__errno)
c:/program files (x86)/cypress/psoc creator/4.4/psoc creator/import/gnu/arm/5.4.1/bin/../lib/gcc/arm-none-eabi/5.4.1/../../../../arm-none-eabi/lib/armv7-m\libg_nano.a(lib_a-exit.o)
                              c:/program files (x86)/cypress/psoc creator/4.4/psoc creator/import/gnu/arm/5.4.1/bin/../lib/gcc/arm-none-eabi/5.4.1/../../../../arm-none-eabi/lib/armv7-m/crt0.o (exit)
c:/program files (x86)/cypress/psoc creator/4.4/psoc creator/import/gnu/arm/5.4.1/bin/../lib/gcc/arm-none-eabi/5.4.1/../../../../arm-none-eabi/lib/armv7-m\libg_nano.a(lib_a-impure.o)
                              c:/program files (x86)/cypress/psoc creator/4.4/psoc creator/import/gnu/arm/5.4.1/bin/../lib/gcc/arm-none-eabi/5.4.1/../../../../arm-none-eabi/lib/armv7-m\libg_nano.a(lib_a-exit.o) (_global_impure_ptr)
c:/program files (x86)/cypress/psoc creator/4.4/psoc creator/import/gnu/arm/5.4.1/bin/../lib/gcc/arm-none-eabi/5.4.1/../../../../arm-none-eabi/lib/armv7-m\libg_nano.a(lib_a-init.o)
[...]
Memory Configuration

Name             Origin             Length             Attributes
rom              0x00000000         0x00040000         xr
ram              0x1fff8000         0x00010000         xrw
*default*        0x00000000         0xffffffff

Linker script and memory map

LOAD c:/program files (x86)/cypress/psoc creator/4.4/psoc creator/import/gnu/arm/5.4.1/bin/../lib/gcc/arm-none-eabi/5.4.1/armv7-m/crti.o
LOAD c:/program files (x86)/cypress/psoc creator/4.4/psoc creator/import/gnu/arm/5.4.1/bin/../lib/gcc/arm-none-eabi/5.4.1/armv7-m/crtbegin.o
LOAD c:/program files (x86)/cypress/psoc creator/4.4/psoc creator/import/gnu/arm/5.4.1/bin/../lib/gcc/arm-none-eabi/5.4.1/../../../../arm-none-eabi/lib/armv7-m/crt0.o
START GROUP
LOAD .\CortexM3\ARM_GCC_541\Debug\main.o
LOAD .\CortexM3\ARM_GCC_541\Debug\cyfitter_cfg.o
LOAD .\CortexM3\ARM_GCC_541\Debug\cymetadata.o
LOAD .\CortexM3\ARM_GCC_541\Debug\Cm3Start.o
LOAD .\CortexM3\ARM_GCC_541\Debug\ForwardBias.a
LOAD C:\Program Files (x86)\Cypress\PSoC Creator\4.4\PSoC Creator\psoc\content\cycomponentlibrary\CyComponentLibrary.cylib\CortexM3\ARM_GCC_541\Debug\CyComponentLibrary.a
END GROUP
START GROUP
LOAD c:/program files (x86)/cypress/psoc creator/4.4/psoc creator/import/gnu/arm/5.4.1/bin/../lib/gcc/arm-none-eabi/5.4.1/armv7-m\libgcc.a
LOAD c:/program files (x86)/cypress/psoc creator/4.4/psoc creator/import/gnu/arm/5.4.1/bin/../lib/gcc/arm-none-eabi/5.4.1/../../../../arm-none-eabi/lib/armv7-m\libg_nano.a
LOAD c:/program files (x86)/cypress/psoc creator/4.4/psoc creator/import/gnu/arm/5.4.1/bin/../lib/gcc/arm-none-eabi/5.4.1/../../../../arm-none-eabi/lib/armv7-m\libc_nano.a
END GROUP
START GROUP
LOAD c:/program files (x86)/cypress/psoc creator/4.4/psoc creator/import/gnu/arm/5.4.1/bin/../lib/gcc/arm-none-eabi/5.4.1/armv7-m\libgcc.a
LOAD c:/program files (x86)/cypress/psoc creator/4.4/psoc creator/import/gnu/arm/5.4.1/bin/../lib/gcc/arm-none-eabi/5.4.1/../../../../arm-none-eabi/lib/armv7-m\libc_nano.a
END GROUP
LOAD c:/program files (x86)/cypress/psoc creator/4.4/psoc creator/import/gnu/arm/5.4.1/bin/../lib/gcc/arm-none-eabi/5.4.1/armv7-m/crtend.o
LOAD c:/program files (x86)/cypress/psoc creator/4.4/psoc creator/import/gnu/arm/5.4.1/bin/../lib/gcc/arm-none-eabi/5.4.1/armv7-m/crtn.o
START GROUP
LOAD c:/program files (x86)/cypress/psoc creator/4.4/psoc creator/import/gnu/arm/5.4.1/bin/../lib/gcc/arm-none-eabi/5.4.1/armv7-m\libgcc.a
LOAD c:/program files (x86)/cypress/psoc creator/4.4/psoc creator/import/gnu/arm/5.4.1/bin/../lib/gcc/arm-none-eabi/5.4.1/../../../../arm-none-eabi/lib/armv7-m\libc.a
LOAD c:/program files (x86)/cypress/psoc creator/4.4/psoc creator/import/gnu/arm/5.4.1/bin/../lib/gcc/arm-none-eabi/5.4.1/../../../../arm-none-eabi/lib/armv7-m\libnosys.a
END GROUP
                0x00000000                CY_APPL_ORIGIN = 0x0
                0x00000100                CY_FLASH_ROW_SIZE = 0x100
                0x00000020                CY_ECC_ROW_SIZE = 0x20
                0x00000000                CY_EE_IN_BTLDR = 0x0
                0x00000000                CY_APPL_LOADABLE = 0x0
                0x00000800                CY_EE_SIZE = 0x800
                0x00000001                CY_APPL_NUM = 0x1
                0x00000001                CY_APPL_MAX = 0x1
                0x00000040                CY_METADATA_SIZE = 0x40
                0x00000000                CY_APPL_LOADABLE = 0x0
                0x00000000                CY_CHECKSUM_EXCLUDE_SIZE = ALIGN (0x0, CY_FLASH_ROW_SIZE)
                [!provide]                PROVIDE (__cy_heap_start, _end)
                0x00000001                PROVIDE (__cy_region_num, ((__cy_regions_end - __cy_regions) / 0x10))
                0x20008000                PROVIDE (__cy_stack, (ORIGIN (ram) + LENGTH (ram)))
                [!provide]                PROVIDE (__cy_heap_end, (__cy_stack - 0x800))

.cybootloader   0x00000000        0x0
 *(.cybootloader)
                0x00000000                appl1_start = CY_APPL_ORIGIN?CY_APPL_ORIGIN:ALIGN (CY_FLASH_ROW_SIZE)
                0x0001ff00                appl2_start = (appl1_start + ALIGN ((((LENGTH (rom) - appl1_start) - (0x2 * CY_FLASH_ROW_SIZE)) / 0x2), CY_FLASH_ROW_SIZE))
                0x00000000                appl_start = (CY_APPL_NUM == 0x1)?appl1_start:appl2_start
                0x00000000                ecc_offset = ((appl_start / CY_FLASH_ROW_SIZE) * CY_ECC_ROW_SIZE)
                0x00000000                ee_offset = (CY_APPL_LOADABLE && ! (CY_EE_IN_BTLDR))?((CY_EE_SIZE / CY_APPL_MAX) * (CY_APPL_NUM - 0x1)):0x0
                0x00000800                ee_size = (CY_APPL_LOADABLE && ! (CY_EE_IN_BTLDR))?(CY_EE_SIZE / CY_APPL_MAX):CY_EE_SIZE
                [!provide]                PROVIDE (CY_ECC_OFFSET, ecc_offset)

.text           0x00000000     0x1478
 CREATE_OBJECT_SYMBOLS
                0x00000000                PROVIDE (__cy_interrupt_vector, RomVectors)
 *(.romvectors)
 .romvectors    0x00000000       0x10 .\CortexM3\ARM_GCC_541\Debug\Cm3Start.o
                0x00000000                RomVectors
                0x00000001                ASSERT ((. != __cy_interrupt_vector), No interrupt vector)
                0x00000001                ASSERT (CY_APPL_ORIGIN?(SIZEOF (.cybootloader) <= CY_APPL_ORIGIN):0x1, Wrong image location)
                0x00000010                PROVIDE (__cy_reset, Reset)
 *(.text.Reset)
 .text.Reset    0x00000010       0x18 .\CortexM3\ARM_GCC_541\Debug\Cm3Start.o
                0x00000010                Reset
                0x00000001                ASSERT ((. != __cy_reset), No reset code)
 *(.dma_init)
                0x00000001                ASSERT ((((appl_start + .) <= 0x10000) || 0x1), DMA Init must be within the first 64k of flash)
 *(.text .text.* .gnu.linkonce.t.*)
 .text          0x00000028       0x5c c:/program files (x86)/cypress/psoc creator/4.4/psoc creator/import/gnu/arm/5.4.1/bin/../lib/gcc/arm-none-eabi/5.4.1/armv7-m/crtbegin.o
 .text.UART_PutNumber
                0x00000084       0x20 .\CortexM3\ARM_GCC_541\Debug\main.o
                0x00000084                UART_PutNumber
 .text.Calibration
                0x000000a4       0x58 .\CortexM3\ARM_GCC_541\Debug\main.o
                0x000000a4                Calibration
 .text.main     0x000000fc      0x140 .\CortexM3\ARM_GCC_541\Debug\main.o
                0x000000fc                main
 .text.CyClockStartupError
                0x0000023c        0x4 .\CortexM3\ARM_GCC_541\Debug\cyfitter_cfg.o
 .text.cfg_write_bytes32
                0x00000240       0x34 .\CortexM3\ARM_GCC_541\Debug\cyfitter_cfg.o
 .text.CYMEMZERO
                0x00000274        0xc .\CortexM3\ARM_GCC_541\Debug\cyfitter_cfg.o
 .text.AnalogSetDefault
                0x00000280       0x74 .\CortexM3\ARM_GCC_541\Debug\cyfitter_cfg.o
 .text.CYCONFIGCPY
                0x000002f4        0x8 .\CortexM3\ARM_GCC_541\Debug\cyfitter_cfg.o
 .text.ClockSetup
                0x000002fc       0xf4 .\CortexM3\ARM_GCC_541\Debug\cyfitter_cfg.o
 .text.cyfitter_cfg
                0x000003f0      0x134 .\CortexM3\ARM_GCC_541\Debug\cyfitter_cfg.o
                0x000003f0                cyfitter_cfg
 .text.IntDefaultHandler
                0x00000524       0x10 .\CortexM3\ARM_GCC_541\Debug\Cm3Start.o
                0x00000524                IntDefaultHandler
 .text._sbrk    0x00000534       0x30 .\CortexM3\ARM_GCC_541\Debug\Cm3Start.o
                0x00000534                _sbrk
 .text.Start_c  0x00000564       0x4c .\CortexM3\ARM_GCC_541\Debug\Cm3Start.o
                0x00000564                Start_c
 .text.initialize_psoc
                0x000005b0       0x68 .\CortexM3\ARM_GCC_541\Debug\Cm3Start.o
                0x000005b0                initialize_psoc
 .text.CyHalt   0x00000618        0x4 .\CortexM3\ARM_GCC_541\Debug\ForwardBias.a(CyLib.o)
                0x00000618                CyHalt
 .text.CyDelay  0x0000061c       0x2c .\CortexM3\ARM_GCC_541\Debug\ForwardBias.a(CyLib.o)
                0x0000061c                CyDelay
 .text.CyDelayUs
                0x00000648       0x14 .\CortexM3\ARM_GCC_541\Debug\ForwardBias.a(CyLib.o)
                0x00000648                CyDelayUs
 .text.CyIntSetVector
                0x0000065c       0x28 .\CortexM3\ARM_GCC_541\Debug\ForwardBias.a(CyLib.o)
                0x0000065c                CyIntSetVector
 .text.CyIntSetPriority
                0x00000684       0x30 .\CortexM3\ARM_GCC_541\Debug\ForwardBias.a(CyLib.o)
                0x00000684                CyIntSetPriority
 .text.UART_Init
                0x000006b4       0x24 .\CortexM3\ARM_GCC_541\Debug\ForwardBias.a(UART.o)
                0x000006b4                UART_Init
 .text.UART_Enable
                0x000006d8       0x38 .\CortexM3\ARM_GCC_541\Debug\ForwardBias.a(UART.o)
                0x000006d8                UART_Enable
 .text.UART_Start
                0x00000710       0x1c .\CortexM3\ARM_GCC_541\Debug\ForwardBias.a(UART.o)
                0x00000710                UART_Start
 .text.UART_PutChar
                0x0000072c       0x18 .\CortexM3\ARM_GCC_541\Debug\ForwardBias.a(UART.o)
                0x0000072c                UART_PutChar
 .text.UART_PutString
                0x00000744       0x24 .\CortexM3\ARM_GCC_541\Debug\ForwardBias.a(UART.o)
                0x00000744                UART_PutString
 .text.UART_IntClock_Start
                0x00000768       0x1c .\CortexM3\ARM_GCC_541\Debug\ForwardBias.a(UART_IntClock.o)
                0x00000768                UART_IntClock_Start
 .text.ADC_CalcGain
                0x00000784       0x5c .\CortexM3\ARM_GCC_541\Debug\ForwardBias.a(ADC.o)
 .text.ADC_Enable
                0x000007e0       0x94 .\CortexM3\ARM_GCC_541\Debug\ForwardBias.a(ADC.o)
                0x000007e0                ADC_Enable
 .text.ADC_SetResolution
                0x00000874       0x38 .\CortexM3\ARM_GCC_541\Debug\ForwardBias.a(ADC.o)
                0x00000874                ADC_SetResolution
 .text.ADC_Init
                0x000008ac       0x3c .\CortexM3\ARM_GCC_541\Debug\ForwardBias.a(ADC.o)
                0x000008ac                ADC_Init
 .text.ADC_Start
                0x000008e8       0x1c .\CortexM3\ARM_GCC_541\Debug\ForwardBias.a(ADC.o)
                0x000008e8                ADC_Start
 .text.ADC_StartConvert
                0x00000904       0x10 .\CortexM3\ARM_GCC_541\Debug\ForwardBias.a(ADC.o)
                0x00000904                ADC_StartConvert
 .text.ADC_IsEndConversion
                0x00000914       0x24 .\CortexM3\ARM_GCC_541\Debug\ForwardBias.a(ADC.o)
                0x00000914                ADC_IsEndConversion
 .text.ADC_GetResult16
                0x00000938       0x18 .\CortexM3\ARM_GCC_541\Debug\ForwardBias.a(ADC.o)
                0x00000938                ADC_GetResult16
 .text.ADC_ISR  0x00000950        0x4 .\CortexM3\ARM_GCC_541\Debug\ForwardBias.a(ADC_INT.o)
                0x00000950                ADC_ISR
 .text.PWM_Enable
                0x00000954       0x10 .\CortexM3\ARM_GCC_541\Debug\ForwardBias.a(PWM.o)
                0x00000954                PWM_Enable
 .text.PWM_WriteCounter
                0x00000964        0xc .\CortexM3\ARM_GCC_541\Debug\ForwardBias.a(PWM.o)
                0x00000964                PWM_WriteCounter
 .text.PWM_WritePeriod
                0x00000970        0xc .\CortexM3\ARM_GCC_541\Debug\ForwardBias.a(PWM.o)
                0x00000970                PWM_WritePeriod
 .text.PWM_WriteCompare1
                0x0000097c        0xc .\CortexM3\ARM_GCC_541\Debug\ForwardBias.a(PWM.o)
                0x0000097c                PWM_WriteCompare1
 .text.PWM_WriteCompare2
                0x00000988        0xc .\CortexM3\ARM_GCC_541\Debug\ForwardBias.a(PWM.o)
                0x00000988                PWM_WriteCompare2
 .text.PWM_SetInterruptMode
                0x00000994        0xc .\CortexM3\ARM_GCC_541\Debug\ForwardBias.a(PWM.o)
                0x00000994                PWM_SetInterruptMode
 .text.PWM_ReadStatusRegister
                0x000009a0        0xc .\CortexM3\ARM_GCC_541\Debug\ForwardBias.a(PWM.o)
                0x000009a0                PWM_ReadStatusRegister
 .text.PWM_ReadCapture
                0x000009ac        0xc .\CortexM3\ARM_GCC_541\Debug\ForwardBias.a(PWM.o)
                0x000009ac                PWM_ReadCapture
 .text.PWM_ClearFIFO
                0x000009b8       0x14 .\CortexM3\ARM_GCC_541\Debug\ForwardBias.a(PWM.o)
                0x000009b8                PWM_ClearFIFO
 .text.PWM_Init
                0x000009cc       0x58 .\CortexM3\ARM_GCC_541\Debug\ForwardBias.a(PWM.o)
                0x000009cc                PWM_Init
 .text.PWM_Start
                0x00000a24       0x1c .\CortexM3\ARM_GCC_541\Debug\ForwardBias.a(PWM.o)
                0x00000a24                PWM_Start
 .text.ADC_theACLK_SetModeRegister
                0x00000a40       0x14 .\CortexM3\ARM_GCC_541\Debug\ForwardBias.a(ADC_theACLK.o)
                0x00000a40                ADC_theACLK_SetModeRegister
 .text.Timer_Enable
                0x00000a54       0x28 .\CortexM3\ARM_GCC_541\Debug\ForwardBias.a(Timer.o)
                0x00000a54                Timer_Enable
 .text.Timer_SetInterruptMode
                0x00000a7c        0xc .\CortexM3\ARM_GCC_541\Debug\ForwardBias.a(Timer.o)
                0x00000a7c                Timer_SetInterruptMode
 .text.Timer_WritePeriod
                0x00000a88        0xc .\CortexM3\ARM_GCC_541\Debug\ForwardBias.a(Timer.o)
                0x00000a88                Timer_WritePeriod
 .text.Timer_WriteCounter
                0x00000a94        0xc .\CortexM3\ARM_GCC_541\Debug\ForwardBias.a(Timer.o)
                0x00000a94                Timer_WriteCounter
 .text.Timer_Init
                0x00000aa0       0x68 .\CortexM3\ARM_GCC_541\Debug\ForwardBias.a(Timer.o)
                0x00000aa0                Timer_Init
 .text.Timer_Start
                0x00000b08       0x1c .\CortexM3\ARM_GCC_541\Debug\ForwardBias.a(Timer.o)
                0x00000b08                Timer_Start
 .text.Timer_ReadCounter
                0x00000b24       0x14 .\CortexM3\ARM_GCC_541\Debug\ForwardBias.a(Timer.o)
                0x00000b24                Timer_ReadCounter
 .text.FlagPin_Write
                0x00000b38       0x18 .\CortexM3\ARM_GCC_541\Debug\ForwardBias.a(FlagPin.o)
                0x00000b38                FlagPin_Write
 .text.detectingLED_Write
                0x00000b50       0x18 .\CortexM3\ARM_GCC_541\Debug\ForwardBias.a(detectingLED.o)
                0x00000b50                detectingLED_Write
 .text.detectingLED_Read
                0x00000b68        0xc .\CortexM3\ARM_GCC_541\Debug\ForwardBias.a(detectingLED.o)
                0x00000b68                detectingLED_Read
 .text.StartTimePin_Write
                0x00000b74       0x18 .\CortexM3\ARM_GCC_541\Debug\ForwardBias.a(StartTimePin.o)
                0x00000b74                StartTimePin_Write
 *fill*         0x00000b8c        0x4 
 .text          0x00000b90       0x20 .\CortexM3\ARM_GCC_541\Debug\ForwardBias.a(CyBootAsmGnu.o)
                0x00000b90                CyDelayCycles
                0x00000ba0                CyEnterCriticalSection
                0x00000ba8                CyExitCriticalSection
 .text.__errno  0x00000bb0        0xc c:/program files (x86)/cypress/psoc creator/4.4/psoc creator/import/gnu/arm/5.4.1/bin/../lib/gcc/arm-none-eabi/5.4.1/../../../../arm-none-eabi/lib/armv7-m\libg_nano.a(lib_a-errno.o)
                0x00000bb0                __errno
 .text.__libc_init_array
                0x00000bbc       0x4c c:/program files (x86)/cypress/psoc creator/4.4/psoc creator/import/gnu/arm/5.4.1/bin/../lib/gcc/arm-none-eabi/5.4.1/../../../../arm-none-eabi/lib/armv7-m\libg_nano.a(lib_a-init.o)
                0x00000bbc                __libc_init_array
 .text.memcpy   0x00000c08       0x16 c:/program files (x86)/cypress/psoc creator/4.4/psoc creator/import/gnu/arm/5.4.1/bin/../lib/gcc/arm-none-eabi/5.4.1/../../../../arm-none-eabi/lib/armv7-m\libg_nano.a(lib_a-memcpy-stub.o)
                0x00000c08                memcpy
 .text.memset   0x00000c1e       0x10 c:/program files (x86)/cypress/psoc creator/4.4/psoc creator/import/gnu/arm/5.4.1/bin/../lib/gcc/arm-none-eabi/5.4.1/../../../../arm-none-eabi/lib/armv7-m\libg_nano.a(lib_a-memset.o)
                0x00000c1e                memset
 *fill*         0x00000c2e        0x2 
 .text.sprintf  0x00000c30       0x48 c:/program files (x86)/cypress/psoc creator/4.4/psoc creator/import/gnu/arm/5.4.1/bin/../lib/gcc/arm-none-eabi/5.4.1/../../../../arm-none-eabi/lib/armv7-m\libg_nano.a(lib_a-sprintf.o)
                0x00000c30                siprintf
                0x00000c30                sprintf
 .text.__ssputs_r
                0x00000c78       0xb2 c:/program files (x86)/cypress/psoc creator/4.4/psoc creator/import/gnu/arm/5.4.1/bin/../lib/gcc/arm-none-eabi/5.4.1/../../../../arm-none-eabi/lib/armv7-m\libg_nano.a(lib_a-nano-svfprintf.o)
                0x00000c78                __ssputs_r
 *fill*         0x00000d2a        0x2 
 .text._svfprintf_r
                0x00000d2c      0x1e8 c:/program files (x86)/cypress/psoc creator/4.4/psoc creator/import/gnu/arm/5.4.1/bin/../lib/gcc/arm-none-eabi/5.4.1/../../../../arm-none-eabi/lib/armv7-m\libg_nano.a(lib_a-nano-svfprintf.o)
                0x00000d2c                _svfiprintf_r
                0x00000d2c                _svfprintf_r
 .text._printf_common
                0x00000f14       0xec c:/program files (x86)/cypress/psoc creator/4.4/psoc creator/import/gnu/arm/5.4.1/bin/../lib/gcc/arm-none-eabi/5.4.1/../../../../arm-none-eabi/lib/armv7-m\libg_nano.a(lib_a-nano-vfprintf_i.o)
                0x00000f14                _printf_common
 .text._printf_i
                0x00001000      0x24c c:/program files (x86)/cypress/psoc creator/4.4/psoc creator/import/gnu/arm/5.4.1/bin/../lib/gcc/arm-none-eabi/5.4.1/../../../../arm-none-eabi/lib/armv7-m\libg_nano.a(lib_a-nano-vfprintf_i.o)
                0x00001000                _printf_i
 .text.memchr   0x0000124c       0x1c c:/program files (x86)/cypress/psoc creator/4.4/psoc creator/import/gnu/arm/5.4.1/bin/../lib/gcc/arm-none-eabi/5.4.1/../../../../arm-none-eabi/lib/armv7-m\libg_nano.a(lib_a-memchr-stub.o)
                0x0000124c                memchr
 .text.memmove  0x00001268       0x36 c:/program files (x86)/cypress/psoc creator/4.4/psoc creator/import/gnu/arm/5.4.1/bin/../lib/gcc/arm-none-eabi/5.4.1/../../../../arm-none-eabi/lib/armv7-m\libg_nano.a(lib_a-memmove.o)
                0x00001268                memmove
 *fill*         0x0000129e        0x2 
 .text._free_r  0x000012a0       0x98 c:/program files (x86)/cypress/psoc creator/4.4/psoc creator/import/gnu/arm/5.4.1/bin/../lib/gcc/arm-none-eabi/5.4.1/../../../../arm-none-eabi/lib/armv7-m\libg_nano.a(lib_a-nano-freer.o)
                0x000012a0                _free_r
 .text._malloc_r
                0x00001338       0xbc c:/program files (x86)/cypress/psoc creator/4.4/psoc creator/import/gnu/arm/5.4.1/bin/../lib/gcc/arm-none-eabi/5.4.1/../../../../arm-none-eabi/lib/armv7-m\libg_nano.a(lib_a-nano-mallocr.o)
                0x00001338                _malloc_r
 .text._realloc_r
                0x000013f4       0x4c c:/program files (x86)/cypress/psoc creator/4.4/psoc creator/import/gnu/arm/5.4.1/bin/../lib/gcc/arm-none-eabi/5.4.1/../../../../arm-none-eabi/lib/armv7-m\libg_nano.a(lib_a-nano-reallocr.o)
                0x000013f4                _realloc_r
 .text._sbrk_r  0x00001440       0x20 c:/program files (x86)/cypress/psoc creator/4.4/psoc creator/import/gnu/arm/5.4.1/bin/../lib/gcc/arm-none-eabi/5.4.1/../../../../arm-none-eabi/lib/armv7-m\libg_nano.a(lib_a-sbrkr.o)
                0x00001440                _sbrk_r
 .text.__malloc_lock
                0x00001460        0x2 c:/program files (x86)/cypress/psoc creator/4.4/psoc creator/import/gnu/arm/5.4.1/bin/../lib/gcc/arm-none-eabi/5.4.1/../../../../arm-none-eabi/lib/armv7-m\libg_nano.a(lib_a-mlock.o)
                0x00001460                __malloc_lock
 .text.__malloc_unlock
                0x00001462        0x2 c:/program files (x86)/cypress/psoc creator/4.4/psoc creator/import/gnu/arm/5.4.1/bin/../lib/gcc/arm-none-eabi/5.4.1/../../../../arm-none-eabi/lib/armv7-m\libg_nano.a(lib_a-mlock.o)
                0x00001462                __malloc_unlock
 .text._malloc_usable_size_r
                0x00001464       0x14 c:/program files (x86)/cypress/psoc creator/4.4/psoc creator/import/gnu/arm/5.4.1/bin/../lib/gcc/arm-none-eabi/5.4.1/../../../../arm-none-eabi/lib/armv7-m\libg_nano.a(lib_a-nano-msizer.o)
                0x00001464                _malloc_usable_size_r
 *(.plt)
 *(.gnu.warning)
 *(.glue_7t)
 .glue_7t       0x00001478        0x0 linker stubs
 *(.glue_7)
 .glue_7        0x00001478        0x0 linker stubs
 *(.vfp11_veneer)
 .vfp11_veneer  0x00001478        0x0 linker stubs
 *(.bootloader)
 *(.ARM.extab* .gnu.linkonce.armextab.*)
 *(.gcc_except_table)

.v4_bx          0x00001478        0x0
 .v4_bx         0x00001478        0x0 linker stubs

.iplt           0x00001478        0x0
 .iplt          0x00001478        0x0 c:/program files (x86)/cypress/psoc creator/4.4/psoc creator/import/gnu/arm/5.4.1/bin/../lib/gcc/arm-none-eabi/5.4.1/armv7-m/crtbegin.o

.eh_frame_hdr
 *(.eh_frame_hdr)

.eh_frame       0x00001478        0x4
 *(.eh_frame)
 .eh_frame      0x00001478        0x0 c:/program files (x86)/cypress/psoc creator/4.4/psoc creator/import/gnu/arm/5.4.1/bin/../lib/gcc/arm-none-eabi/5.4.1/armv7-m/crtbegin.o
 .eh_frame      0x00001478        0x4 c:/program files (x86)/cypress/psoc creator/4.4/psoc creator/import/gnu/arm/5.4.1/bin/../lib/gcc/arm-none-eabi/5.4.1/armv7-m/crtend.o
                [!provide]                PROVIDE (__exidx_start, .)

.ARM.exidx
 *(.ARM.exidx* .gnu.linkonce.armexidx.*)
                0x0000147c                __exidx_end = .

.rodata         0x0000147c      0x114
 *(.rodata .rodata.* .gnu.linkonce.r.*)
 .rodata.str1.4
                0x0000147c       0x70 .\CortexM3\ARM_GCC_541\Debug\main.o
                                 0x73 (size before relaxing)
 .rodata        0x000014ec       0x3a .\CortexM3\ARM_GCC_541\Debug\cyfitter_cfg.o
 .rodata.str1.1
                0x00001526        0x2 c:/program files (x86)/cypress/psoc creator/4.4/psoc creator/import/gnu/arm/5.4.1/bin/../lib/gcc/arm-none-eabi/5.4.1/../../../../arm-none-eabi/lib/armv7-m\libg_nano.a(lib_a-impure.o)
 .rodata.str1.1
                0x00001528       0x11 c:/program files (x86)/cypress/psoc creator/4.4/psoc creator/import/gnu/arm/5.4.1/bin/../lib/gcc/arm-none-eabi/5.4.1/../../../../arm-none-eabi/lib/armv7-m\libg_nano.a(lib_a-nano-svfprintf.o)
 .rodata.str1.1
                0x00001539       0x22 c:/program files (x86)/cypress/psoc creator/4.4/psoc creator/import/gnu/arm/5.4.1/bin/../lib/gcc/arm-none-eabi/5.4.1/../../../../arm-none-eabi/lib/armv7-m\libg_nano.a(lib_a-nano-vfprintf_i.o)
                0x0000155c                . = ALIGN (0x4)
 *fill*         0x0000155b        0x1 
 *(.init)
 .init          0x0000155c        0x4 c:/program files (x86)/cypress/psoc creator/4.4/psoc creator/import/gnu/arm/5.4.1/bin/../lib/gcc/arm-none-eabi/5.4.1/armv7-m/crti.o
                0x0000155c                _init
 .init          0x00001560        0x8 c:/program files (x86)/cypress/psoc creator/4.4/psoc creator/import/gnu/arm/5.4.1/bin/../lib/gcc/arm-none-eabi/5.4.1/armv7-m/crtn.o
                0x00001568                . = ALIGN (0x4)
                0x00001568                __preinit_array_start = .
 *(.preinit_array)
                0x00001568                __preinit_array_end = .
                0x00001568                . = ALIGN (0x4)
                0x00001568                __init_array_start = .
 *(SORT(.init_array.*))
 *(.init_array)
 .init_array    0x00001568        0x4 c:/program files (x86)/cypress/psoc creator/4.4/psoc creator/import/gnu/arm/5.4.1/bin/../lib/gcc/arm-none-eabi/5.4.1/armv7-m/crtbegin.o
 .init_array    0x0000156c        0x4 .\CortexM3\ARM_GCC_541\Debug\Cm3Start.o
                0x00001570                __init_array_end = .
                0x00001570                . = ALIGN (0x4)
 *(.fini)
 .fini          0x00001570        0x4 c:/program files (x86)/cypress/psoc creator/4.4/psoc creator/import/gnu/arm/5.4.1/bin/../lib/gcc/arm-none-eabi/5.4.1/armv7-m/crti.o
                0x00001570                _fini
 .fini          0x00001574        0x8 c:/program files (x86)/cypress/psoc creator/4.4/psoc creator/import/gnu/arm/5.4.1/bin/../lib/gcc/arm-none-eabi/5.4.1/armv7-m/crtn.o
                0x0000157c                . = ALIGN (0x4)
                0x0000157c                __fini_array_start = .
 *(.fini_array)
 .fini_array    0x0000157c        0x4 c:/program files (x86)/cypress/psoc creator/4.4/psoc creator/import/gnu/arm/5.4.1/bin/../lib/gcc/arm-none-eabi/5.4.1/armv7-m/crtbegin.o
 *(SORT(.fini_array.*))
                0x00001580                __fini_array_end = .
                0x00001580                . = ALIGN (0x4)
 *crtbegin.o(.ctors)
 *(EXCLUDE_FILE(*crtend.o) .ctors)
 *(SORT(.ctors.*))
 *crtend.o(.ctors)
                0x00001580                . = ALIGN (0x4)
 *crtbegin.o(.dtors)
 *(EXCLUDE_FILE(*crtend.o) .dtors)
 *(SORT(.dtors.*))
 *crtend.o(.dtors)
                0x00001580                . = ALIGN (0x4)
                0x00001580                __cy_regions = .
                0x00001580        0x4 LONG 0x1590 __cy_region_init_ram
                0x00001584        0x4 LONG 0x1fff80c8 __cy_region_start_data
                0x00001588        0x4 LONG 0x80 __cy_region_init_size_ram
                0x0000158c        0x4 LONG 0x50 __cy_region_zero_size_ram
                0x00001590                __cy_regions_end = .
                0x00001590                . = ALIGN (0x8)
                0x00001590                _etext = .

.cy_checksum_exclude
                0x00001590        0x0
 *(.cy_checksum_exclude)

.ramvectors     0x1fff8000       0xc0
                0x1fff8000                __cy_region_start_ram = .
 *(.ramvectors)
 .ramvectors    0x1fff8000       0xc0 .\CortexM3\ARM_GCC_541\Debug\Cm3Start.o
                0x1fff8000                CyRamVectors

.noinit         0x1fff80c0        0x1
 *(.noinit)
 .noinit        0x1fff80c0        0x1 .\CortexM3\ARM_GCC_541\Debug\ForwardBias.a(CyLib.o)
                0x1fff80c0                CyResetStatus

.data           0x1fff80c8       0x80 load address 0x00001590
                0x1fff80c8                __cy_region_start_data = .
 *(.jcr)
 .jcr           0x1fff80c8        0x0 c:/program files (x86)/cypress/psoc creator/4.4/psoc creator/import/gnu/arm/5.4.1/bin/../lib/gcc/arm-none-eabi/5.4.1/armv7-m/crtbegin.o
 .jcr           0x1fff80c8        0x4 c:/program files (x86)/cypress/psoc creator/4.4/psoc creator/import/gnu/arm/5.4.1/bin/../lib/gcc/arm-none-eabi/5.4.1/armv7-m/crtend.o
 *(.got.plt)
 *(.got)
 *(.shdata)
 *(.data .data.* .gnu.linkonce.d.*)
 .data          0x1fff80cc        0x1 .\CortexM3\ARM_GCC_541\Debug\main.o
                0x1fff80cc                executeFlag
 *fill*         0x1fff80cd        0x3 
 .data          0x1fff80d0        0x4 .\CortexM3\ARM_GCC_541\Debug\Cm3Start.o
 .data          0x1fff80d4       0x10 .\CortexM3\ARM_GCC_541\Debug\ForwardBias.a(CyLib.o)
                0x1fff80d4                cydelay_32k_ms
                0x1fff80d8                cydelay_freq_khz
                0x1fff80dc                cydelay_freq_mhz
                0x1fff80e0                cydelay_freq_hz
 .data.impure_data
                0x1fff80e4       0x60 c:/program files (x86)/cypress/psoc creator/4.4/psoc creator/import/gnu/arm/5.4.1/bin/../lib/gcc/arm-none-eabi/5.4.1/../../../../arm-none-eabi/lib/armv7-m\libg_nano.a(lib_a-impure.o)
 .data._impure_ptr
                0x1fff8144        0x4 c:/program files (x86)/cypress/psoc creator/4.4/psoc creator/import/gnu/arm/5.4.1/bin/../lib/gcc/arm-none-eabi/5.4.1/../../../../arm-none-eabi/lib/armv7-m\libg_nano.a(lib_a-impure.o)
                0x1fff8144                _impure_ptr
                0x1fff8148                . = ALIGN (0x8)
 *(.ram)
                0x1fff8148                _edata = .

.igot.plt       0x1fff8148        0x0 load address 0x00001610
 .igot.plt      0x1fff8148        0x0 c:/program files (x86)/cypress/psoc creator/4.4/psoc creator/import/gnu/arm/5.4.1/bin/../lib/gcc/arm-none-eabi/5.4.1/armv7-m/crtbegin.o

.bss            0x1fff8148       0x50 load address 0x00001610
                0x1fff8148                PROVIDE (__bss_start__, .)
 *(.shbss)
 *(.bss .bss.* .gnu.linkonce.b.*)
 .bss           0x1fff8148       0x1c c:/program files (x86)/cypress/psoc creator/4.4/psoc creator/import/gnu/arm/5.4.1/bin/../lib/gcc/arm-none-eabi/5.4.1/armv7-m/crtbegin.o
 .bss           0x1fff8164        0x8 .\CortexM3\ARM_GCC_541\Debug\main.o
                0x1fff8164                sens
                0x1fff8166                total
                0x1fff8168                basis
                0x1fff816a                x
 .bss           0x1fff816c        0x2 .\CortexM3\ARM_GCC_541\Debug\ForwardBias.a(UART.o)
                0x1fff816c                UART_initVar
 .bss           0x1fff816e        0x1 .\CortexM3\ARM_GCC_541\Debug\ForwardBias.a(ADC.o)
                0x1fff816e                ADC_initVar
 .bss           0x1fff816f        0x1 .\CortexM3\ARM_GCC_541\Debug\ForwardBias.a(PWM.o)
                0x1fff816f                PWM_initVar
 .bss           0x1fff8170        0x1 .\CortexM3\ARM_GCC_541\Debug\ForwardBias.a(Timer.o)
                0x1fff8170                Timer_initVar
 *fill*         0x1fff8171        0x3 
 .bss.__malloc_sbrk_start
                0x1fff8174        0x4 c:/program files (x86)/cypress/psoc creator/4.4/psoc creator/import/gnu/arm/5.4.1/bin/../lib/gcc/arm-none-eabi/5.4.1/../../../../arm-none-eabi/lib/armv7-m\libg_nano.a(lib_a-nano-mallocr.o)
                0x1fff8174                __malloc_sbrk_start
 .bss.__malloc_free_list
                0x1fff8178        0x4 c:/program files (x86)/cypress/psoc creator/4.4/psoc creator/import/gnu/arm/5.4.1/bin/../lib/gcc/arm-none-eabi/5.4.1/../../../../arm-none-eabi/lib/armv7-m\libg_nano.a(lib_a-nano-mallocr.o)
                0x1fff8178                __malloc_free_list
 *(COMMON)
 COMMON         0x1fff817c        0x8 .\CortexM3\ARM_GCC_541\Debug\main.o
                0x1fff817c                endTime
                0x1fff8180                startTime
 COMMON         0x1fff8184        0xa .\CortexM3\ARM_GCC_541\Debug\ForwardBias.a(ADC.o)
                0x1fff8184                ADC_countsPer10Volt
                0x1fff8188                ADC_shift
                0x1fff818a                ADC_countsPerVolt
                0x1fff818c                ADC_offset
 *fill*         0x1fff818e        0x2 
 COMMON         0x1fff8190        0x4 c:/program files (x86)/cypress/psoc creator/4.4/psoc creator/import/gnu/arm/5.4.1/bin/../lib/gcc/arm-none-eabi/5.4.1/../../../../arm-none-eabi/lib/armv7-m\libg_nano.a(lib_a-reent.o)
                0x1fff8190                errno
                0x1fff8198                . = ALIGN (0x8)
 *fill*         0x1fff8194        0x4 
 *(.ram.b)
                0x1fff8198                _end = .
                0x1fff8198                __end = .
                0x1fff8198                PROVIDE (end, .)
                0x1fff8198                PROVIDE (__bss_end__, .)
                0x00001590                __cy_region_init_ram = LOADADDR (.data)
                0x00000080                __cy_region_init_size_ram = (_edata - ADDR (.data))
                0x00000050                __cy_region_zero_size_ram = (_end - _edata)

.heap           0x1fff8198       0x80 load address 0x00001610
                0x1fff8198                . = _end
                0x1fff8218                . = (. + 0x80)
 *fill*         0x1fff8198       0x80 
                0x1fff8218                __cy_heap_limit = .

.stack          0x20007800      0x800
                0x20007800                __cy_stack_limit = .
                0x20008000                . = (. + 0x800)
 *fill*         0x20007800      0x800 
                0x00000001                ASSERT ((__cy_stack_limit >= __cy_heap_limit), region RAM overflowed with stack)
                0x00000000                cy_checksum_exclude_size = (CY_APPL_LOADABLE == 0x1)?SIZEOF (.cy_checksum_exclude):0x0
                0x00000001                ASSERT ((cy_checksum_exclude_size <= CY_CHECKSUM_EXCLUDE_SIZE), CY_BOOT: Section .cy_checksum_exclude size exceedes specified limit.)

.cyloadermeta
 *(.cyloadermeta)

.cyloadablemeta
 *(.cyloadablemeta)

.cyconfigecc    0x80000000      0x4a4
 *(.cyconfigecc)
 .cyconfigecc   0x80000000      0x4a4 .\CortexM3\ARM_GCC_541\Debug\cymetadata.o
                0x80000000                cy_meta_configecc

.cycustnvl      0x90000000        0x4
 *(.cycustnvl)
 .cycustnvl     0x90000000        0x4 .\CortexM3\ARM_GCC_541\Debug\cymetadata.o
                0x90000000                cy_meta_custnvl

.cywolatch      0x90100000        0x4
 *(.cywolatch)
 .cywolatch     0x90100000        0x4 .\CortexM3\ARM_GCC_541\Debug\cymetadata.o
                0x90100000                cy_meta_wonvl

.cyeeprom       0x90200000        0x0
 *(.cyeeprom)
                0x00000001                ASSERT ((. <= ((0x90200000 + ee_offset) + ee_size)), .cyeeprom data will not fit in EEPROM)

.cyflashprotect
                0x90400000      0x100
 *(.cyflashprotect)
 .cyflashprotect
                0x90400000      0x100 .\CortexM3\ARM_GCC_541\Debug\cymetadata.o
                0x90400000                cy_meta_flashprotect

.cymeta         0x90500000        0xc
 *(.cymeta)
 .cymeta        0x90500000        0xc .\CortexM3\ARM_GCC_541\Debug\cymetadata.o
                0x90500000                cy_metadata

.rel.dyn        0x00001610        0x0 load address 0x9050000c
 .rel.iplt      0x00001610        0x0 c:/program files (x86)/cypress/psoc creator/4.4/psoc creator/import/gnu/arm/5.4.1/bin/../lib/gcc/arm-none-eabi/5.4.1/armv7-m/crtbegin.o

.stab
 *(.stab)

.stabstr
 *(.stabstr)

.debug
 *(.debug)

.line
 *(.line)

.debug_srcinfo
 *(.debug_srcinfo)

.debug_sfnames
 *(.debug_sfnames)

.debug_aranges  0x00000000      0x9c8
 *(.debug_aranges)
 .debug_aranges
                0x00000000       0x30 .\CortexM3\ARM_GCC_541\Debug\main.o
 .debug_aranges
                0x00000030       0x58 .\CortexM3\ARM_GCC_541\Debug\cyfitter_cfg.o
 .debug_aranges
                0x00000088       0x18 .\CortexM3\ARM_GCC_541\Debug\cymetadata.o
 .debug_aranges
                0x000000a0       0x48 .\CortexM3\ARM_GCC_541\Debug\Cm3Start.o
 .debug_aranges
                0x000000e8      0x2a0 .\CortexM3\ARM_GCC_541\Debug\ForwardBias.a(CyLib.o)
 .debug_aranges
                0x00000388       0x98 .\CortexM3\ARM_GCC_541\Debug\ForwardBias.a(cyPm.o)
 .debug_aranges
                0x00000420       0xf0 .\CortexM3\ARM_GCC_541\Debug\ForwardBias.a(UART.o)
 .debug_aranges
                0x00000510       0x70 .\CortexM3\ARM_GCC_541\Debug\ForwardBias.a(UART_IntClock.o)
 .debug_aranges
                0x00000580       0xa8 .\CortexM3\ARM_GCC_541\Debug\ForwardBias.a(ADC.o)
 .debug_aranges
                0x00000628       0x20 .\CortexM3\ARM_GCC_541\Debug\ForwardBias.a(ADC_INT.o)
 .debug_aranges
                0x00000648       0xa8 .\CortexM3\ARM_GCC_541\Debug\ForwardBias.a(PWM.o)
 .debug_aranges
                0x000006f0       0x80 .\CortexM3\ARM_GCC_541\Debug\ForwardBias.a(ADC_theACLK.o)
 .debug_aranges
                0x00000770       0x88 .\CortexM3\ARM_GCC_541\Debug\ForwardBias.a(Timer.o)
 .debug_aranges
                0x000007f8       0x38 .\CortexM3\ARM_GCC_541\Debug\ForwardBias.a(FlagPin.o)
 .debug_aranges
                0x00000830       0x38 .\CortexM3\ARM_GCC_541\Debug\ForwardBias.a(detectingLED.o)
 .debug_aranges
                0x00000868       0x38 .\CortexM3\ARM_GCC_541\Debug\ForwardBias.a(StartTimePin.o)
 .debug_aranges
                0x000008a0       0x20 .\CortexM3\ARM_GCC_541\Debug\ForwardBias.a(CyBootAsmGnu.o)
 .debug_aranges
                0x000008c0       0x88 .\CortexM3\ARM_GCC_541\Debug\ForwardBias.a(CyFlash.o)
 .debug_aranges
                0x00000948       0x80 .\CortexM3\ARM_GCC_541\Debug\ForwardBias.a(CySpc.o)

.debug_pubnames
 *(.debug_pubnames)

.debug_info     0x00000000     0x5531
 *(.debug_info .gnu.linkonce.wi.*)
 .debug_info    0x00000000      0x511 .\CortexM3\ARM_GCC_541\Debug\main.o
 .debug_info    0x00000511      0x63d .\CortexM3\ARM_GCC_541\Debug\cyfitter_cfg.o
 .debug_info    0x00000b4e      0x136 .\CortexM3\ARM_GCC_541\Debug\cymetadata.o
 .debug_info    0x00000c84      0x3bb .\CortexM3\ARM_GCC_541\Debug\Cm3Start.o
 .debug_info    0x0000103f     0x1374 .\CortexM3\ARM_GCC_541\Debug\ForwardBias.a(CyLib.o)
 .debug_info    0x000023b3      0xa2a .\CortexM3\ARM_GCC_541\Debug\ForwardBias.a(cyPm.o)
 .debug_info    0x00002ddd      0x60c .\CortexM3\ARM_GCC_541\Debug\ForwardBias.a(UART.o)
 .debug_info    0x000033e9      0x283 .\CortexM3\ARM_GCC_541\Debug\ForwardBias.a(UART_IntClock.o)
 .debug_info    0x0000366c      0x5c0 .\CortexM3\ARM_GCC_541\Debug\ForwardBias.a(ADC.o)
 .debug_info    0x00003c2c       0x92 .\CortexM3\ARM_GCC_541\Debug\ForwardBias.a(ADC_INT.o)
 .debug_info    0x00003cbe      0x383 .\CortexM3\ARM_GCC_541\Debug\ForwardBias.a(PWM.o)
 .debug_info    0x00004041      0x2c4 .\CortexM3\ARM_GCC_541\Debug\ForwardBias.a(ADC_theACLK.o)
 .debug_info    0x00004305      0x295 .\CortexM3\ARM_GCC_541\Debug\ForwardBias.a(Timer.o)
 .debug_info    0x0000459a      0x11f .\CortexM3\ARM_GCC_541\Debug\ForwardBias.a(FlagPin.o)
 .debug_info    0x000046b9      0x11f .\CortexM3\ARM_GCC_541\Debug\ForwardBias.a(detectingLED.o)
 .debug_info    0x000047d8      0x11f .\CortexM3\ARM_GCC_541\Debug\ForwardBias.a(StartTimePin.o)
 .debug_info    0x000048f7       0x9d .\CortexM3\ARM_GCC_541\Debug\ForwardBias.a(CyBootAsmGnu.o)
 .debug_info    0x00004994      0x64d .\CortexM3\ARM_GCC_541\Debug\ForwardBias.a(CyFlash.o)
 .debug_info    0x00004fe1      0x550 .\CortexM3\ARM_GCC_541\Debug\ForwardBias.a(CySpc.o)

.debug_abbrev   0x00000000     0x16cd
 *(.debug_abbrev)
 .debug_abbrev  0x00000000      0x159 .\CortexM3\ARM_GCC_541\Debug\main.o
 .debug_abbrev  0x00000159      0x20d .\CortexM3\ARM_GCC_541\Debug\cyfitter_cfg.o
 .debug_abbrev  0x00000366       0x77 .\CortexM3\ARM_GCC_541\Debug\cymetadata.o
 .debug_abbrev  0x000003dd      0x1e8 .\CortexM3\ARM_GCC_541\Debug\Cm3Start.o
 .debug_abbrev  0x000005c5      0x254 .\CortexM3\ARM_GCC_541\Debug\ForwardBias.a(CyLib.o)
 .debug_abbrev  0x00000819      0x1ab .\CortexM3\ARM_GCC_541\Debug\ForwardBias.a(cyPm.o)
 .debug_abbrev  0x000009c4      0x175 .\CortexM3\ARM_GCC_541\Debug\ForwardBias.a(UART.o)
 .debug_abbrev  0x00000b39      0x139 .\CortexM3\ARM_GCC_541\Debug\ForwardBias.a(UART_IntClock.o)
 .debug_abbrev  0x00000c72      0x1ac .\CortexM3\ARM_GCC_541\Debug\ForwardBias.a(ADC.o)
 .debug_abbrev  0x00000e1e       0x42 .\CortexM3\ARM_GCC_541\Debug\ForwardBias.a(ADC_INT.o)
 .debug_abbrev  0x00000e60      0x133 .\CortexM3\ARM_GCC_541\Debug\ForwardBias.a(PWM.o)
 .debug_abbrev  0x00000f93      0x121 .\CortexM3\ARM_GCC_541\Debug\ForwardBias.a(ADC_theACLK.o)
 .debug_abbrev  0x000010b4      0x11a .\CortexM3\ARM_GCC_541\Debug\ForwardBias.a(Timer.o)
 .debug_abbrev  0x000011ce       0x90 .\CortexM3\ARM_GCC_541\Debug\ForwardBias.a(FlagPin.o)
 .debug_abbrev  0x0000125e       0x90 .\CortexM3\ARM_GCC_541\Debug\ForwardBias.a(detectingLED.o)
 .debug_abbrev  0x000012ee       0x90 .\CortexM3\ARM_GCC_541\Debug\ForwardBias.a(StartTimePin.o)
 .debug_abbrev  0x0000137e       0x14 .\CortexM3\ARM_GCC_541\Debug\ForwardBias.a(CyBootAsmGnu.o)
 .debug_abbrev  0x00001392      0x1a7 .\CortexM3\ARM_GCC_541\Debug\ForwardBias.a(CyFlash.o)
 .debug_abbrev  0x00001539      0x194 .\CortexM3\ARM_GCC_541\Debug\ForwardBias.a(CySpc.o)

.debug_line     0x00000000     0x25e6
 *(.debug_line)
 .debug_line    0x00000000      0x317 .\CortexM3\ARM_GCC_541\Debug\main.o
 .debug_line    0x00000317      0x206 .\CortexM3\ARM_GCC_541\Debug\cyfitter_cfg.o
 .debug_line    0x0000051d      0x141 .\CortexM3\ARM_GCC_541\Debug\cymetadata.o
 .debug_line    0x0000065e      0x234 .\CortexM3\ARM_GCC_541\Debug\Cm3Start.o
 .debug_line    0x00000892      0x816 .\CortexM3\ARM_GCC_541\Debug\ForwardBias.a(CyLib.o)
 .debug_line    0x000010a8      0x367 .\CortexM3\ARM_GCC_541\Debug\ForwardBias.a(cyPm.o)
 .debug_line    0x0000140f      0x2bc .\CortexM3\ARM_GCC_541\Debug\ForwardBias.a(UART.o)
 .debug_line    0x000016cb      0x17c .\CortexM3\ARM_GCC_541\Debug\ForwardBias.a(UART_IntClock.o)
 .debug_line    0x00001847      0x212 .\CortexM3\ARM_GCC_541\Debug\ForwardBias.a(ADC.o)
 .debug_line    0x00001a59       0x50 .\CortexM3\ARM_GCC_541\Debug\ForwardBias.a(ADC_INT.o)
 .debug_line    0x00001aa9      0x1a7 .\CortexM3\ARM_GCC_541\Debug\ForwardBias.a(PWM.o)
 .debug_line    0x00001c50      0x19d .\CortexM3\ARM_GCC_541\Debug\ForwardBias.a(ADC_theACLK.o)
 .debug_line    0x00001ded      0x153 .\CortexM3\ARM_GCC_541\Debug\ForwardBias.a(Timer.o)
 .debug_line    0x00001f40       0x94 .\CortexM3\ARM_GCC_541\Debug\ForwardBias.a(FlagPin.o)
 .debug_line    0x00001fd4       0x99 .\CortexM3\ARM_GCC_541\Debug\ForwardBias.a(detectingLED.o)
 .debug_line    0x0000206d       0x99 .\CortexM3\ARM_GCC_541\Debug\ForwardBias.a(StartTimePin.o)
 .debug_line    0x00002106       0x66 .\CortexM3\ARM_GCC_541\Debug\ForwardBias.a(CyBootAsmGnu.o)
 .debug_line    0x0000216c      0x21a .\CortexM3\ARM_GCC_541\Debug\ForwardBias.a(CyFlash.o)
 .debug_line    0x00002386      0x260 .\CortexM3\ARM_GCC_541\Debug\ForwardBias.a(CySpc.o)

.debug_frame    0x00000000     0x1c0c
 *(.debug_frame)
 .debug_frame   0x00000000       0x68 .\CortexM3\ARM_GCC_541\Debug\main.o
 .debug_frame   0x00000068       0xfc .\CortexM3\ARM_GCC_541\Debug\cyfitter_cfg.o
 .debug_frame   0x00000164       0xb8 .\CortexM3\ARM_GCC_541\Debug\Cm3Start.o
 .debug_frame   0x0000021c      0x738 .\CortexM3\ARM_GCC_541\Debug\ForwardBias.a(CyLib.o)
 .debug_frame   0x00000954      0x1f8 .\CortexM3\ARM_GCC_541\Debug\ForwardBias.a(cyPm.o)
 .debug_frame   0x00000b4c      0x250 .\CortexM3\ARM_GCC_541\Debug\ForwardBias.a(UART.o)
 .debug_frame   0x00000d9c       0xe0 .\CortexM3\ARM_GCC_541\Debug\ForwardBias.a(UART_IntClock.o)
 .debug_frame   0x00000e7c      0x1b0 .\CortexM3\ARM_GCC_541\Debug\ForwardBias.a(ADC.o)
 .debug_frame   0x0000102c       0x20 .\CortexM3\ARM_GCC_541\Debug\ForwardBias.a(ADC_INT.o)
 .debug_frame   0x0000104c      0x154 .\CortexM3\ARM_GCC_541\Debug\ForwardBias.a(PWM.o)
 .debug_frame   0x000011a0      0x100 .\CortexM3\ARM_GCC_541\Debug\ForwardBias.a(ADC_theACLK.o)
 .debug_frame   0x000012a0      0x108 .\CortexM3\ARM_GCC_541\Debug\ForwardBias.a(Timer.o)
 .debug_frame   0x000013a8       0x50 .\CortexM3\ARM_GCC_541\Debug\ForwardBias.a(FlagPin.o)
 .debug_frame   0x000013f8       0x50 .\CortexM3\ARM_GCC_541\Debug\ForwardBias.a(detectingLED.o)
 .debug_frame   0x00001448       0x50 .\CortexM3\ARM_GCC_541\Debug\ForwardBias.a(StartTimePin.o)
 .debug_frame   0x00001498      0x194 .\CortexM3\ARM_GCC_541\Debug\ForwardBias.a(CyFlash.o)
 .debug_frame   0x0000162c      0x180 .\CortexM3\ARM_GCC_541\Debug\ForwardBias.a(CySpc.o)
 .debug_frame   0x000017ac       0x44 c:/program files (x86)/cypress/psoc creator/4.4/psoc creator/import/gnu/arm/5.4.1/bin/../lib/gcc/arm-none-eabi/5.4.1/armv7-m\libgcc.a(_aeabi_ldivmod.o)
 .debug_frame   0x000017f0       0x38 c:/program files (x86)/cypress/psoc creator/4.4/psoc creator/import/gnu/arm/5.4.1/bin/../lib/gcc/arm-none-eabi/5.4.1/armv7-m\libgcc.a(_udivmoddi4.o)
 .debug_frame   0x00001828       0x20 c:/program files (x86)/cypress/psoc creator/4.4/psoc creator/import/gnu/arm/5.4.1/bin/../lib/gcc/arm-none-eabi/5.4.1/../../../../arm-none-eabi/lib/armv7-m\libg_nano.a(lib_a-errno.o)
 .debug_frame   0x00001848       0x28 c:/program files (x86)/cypress/psoc creator/4.4/psoc creator/import/gnu/arm/5.4.1/bin/../lib/gcc/arm-none-eabi/5.4.1/../../../../arm-none-eabi/lib/armv7-m\libg_nano.a(lib_a-exit.o)
 .debug_frame   0x00001870       0x2c c:/program files (x86)/cypress/psoc creator/4.4/psoc creator/import/gnu/arm/5.4.1/bin/../lib/gcc/arm-none-eabi/5.4.1/../../../../arm-none-eabi/lib/armv7-m\libg_nano.a(lib_a-init.o)
 .debug_frame   0x0000189c       0x28 c:/program files (x86)/cypress/psoc creator/4.4/psoc creator/import/gnu/arm/5.4.1/bin/../lib/gcc/arm-none-eabi/5.4.1/../../../../arm-none-eabi/lib/armv7-m\libg_nano.a(lib_a-memcpy-stub.o)
 .debug_frame   0x000018c4       0x20 c:/program files (x86)/cypress/psoc creator/4.4/psoc creator/import/gnu/arm/5.4.1/bin/../lib/gcc/arm-none-eabi/5.4.1/../../../../arm-none-eabi/lib/armv7-m\libg_nano.a(lib_a-memset.o)
 .debug_frame   0x000018e4       0x70 c:/program files (x86)/cypress/psoc creator/4.4/psoc creator/import/gnu/arm/5.4.1/bin/../lib/gcc/arm-none-eabi/5.4.1/../../../../arm-none-eabi/lib/armv7-m\libg_nano.a(lib_a-sprintf.o)
 .debug_frame   0x00001954       0x90 c:/program files (x86)/cypress/psoc creator/4.4/psoc creator/import/gnu/arm/5.4.1/bin/../lib/gcc/arm-none-eabi/5.4.1/../../../../arm-none-eabi/lib/armv7-m\libg_nano.a(lib_a-nano-svfprintf.o)
 .debug_frame   0x000019e4       0x60 c:/program files (x86)/cypress/psoc creator/4.4/psoc creator/import/gnu/arm/5.4.1/bin/../lib/gcc/arm-none-eabi/5.4.1/../../../../arm-none-eabi/lib/armv7-m\libg_nano.a(lib_a-nano-vfprintf_i.o)
 .debug_frame   0x00001a44       0x28 c:/program files (x86)/cypress/psoc creator/4.4/psoc creator/import/gnu/arm/5.4.1/bin/../lib/gcc/arm-none-eabi/5.4.1/../../../../arm-none-eabi/lib/armv7-m\libg_nano.a(lib_a-memchr-stub.o)
 .debug_frame   0x00001a6c       0x28 c:/program files (x86)/cypress/psoc creator/4.4/psoc creator/import/gnu/arm/5.4.1/bin/../lib/gcc/arm-none-eabi/5.4.1/../../../../arm-none-eabi/lib/armv7-m\libg_nano.a(lib_a-memmove.o)
 .debug_frame   0x00001a94       0x38 c:/program files (x86)/cypress/psoc creator/4.4/psoc creator/import/gnu/arm/5.4.1/bin/../lib/gcc/arm-none-eabi/5.4.1/../../../../arm-none-eabi/lib/armv7-m\libg_nano.a(lib_a-nano-freer.o)
 .debug_frame   0x00001acc       0x2c c:/program files (x86)/cypress/psoc creator/4.4/psoc creator/import/gnu/arm/5.4.1/bin/../lib/gcc/arm-none-eabi/5.4.1/../../../../arm-none-eabi/lib/armv7-m\libg_nano.a(lib_a-nano-mallocr.o)
 .debug_frame   0x00001af8       0x3c c:/program files (x86)/cypress/psoc creator/4.4/psoc creator/import/gnu/arm/5.4.1/bin/../lib/gcc/arm-none-eabi/5.4.1/../../../../arm-none-eabi/lib/armv7-m\libg_nano.a(lib_a-nano-reallocr.o)
 .debug_frame   0x00001b34       0x2c c:/program files (x86)/cypress/psoc creator/4.4/psoc creator/import/gnu/arm/5.4.1/bin/../lib/gcc/arm-none-eabi/5.4.1/../../../../arm-none-eabi/lib/armv7-m\libg_nano.a(lib_a-sbrkr.o)
 .debug_frame   0x00001b60       0x30 c:/program files (x86)/cypress/psoc creator/4.4/psoc creator/import/gnu/arm/5.4.1/bin/../lib/gcc/arm-none-eabi/5.4.1/../../../../arm-none-eabi/lib/armv7-m\libg_nano.a(lib_a-mlock.o)
 .debug_frame   0x00001b90       0x20 c:/program files (x86)/cypress/psoc creator/4.4/psoc creator/import/gnu/arm/5.4.1/bin/../lib/gcc/arm-none-eabi/5.4.1/../../../../arm-none-eabi/lib/armv7-m\libg_nano.a(lib_a-nano-msizer.o)
 .debug_frame   0x00001bb0       0x5c c:/program files (x86)/cypress/psoc creator/4.4/psoc creator/import/gnu/arm/5.4.1/bin/../lib/gcc/arm-none-eabi/5.4.1/../../../../arm-none-eabi/lib/armv7-m\libg_nano.a(lib_a-reent.o)

.debug_str      0x00000000     0x1f25
 *(.debug_str)
 .debug_str     0x00000000      0x2cd .\CortexM3\ARM_GCC_541\Debug\main.o
                                0x315 (size before relaxing)
 .debug_str     0x000002cd      0x1ab .\CortexM3\ARM_GCC_541\Debug\cyfitter_cfg.o
                                0x35b (size before relaxing)
 .debug_str     0x00000478       0x7f .\CortexM3\ARM_GCC_541\Debug\cymetadata.o
                                0x1f1 (size before relaxing)
 .debug_str     0x000004f7      0x144 .\CortexM3\ARM_GCC_541\Debug\Cm3Start.o
                                0x317 (size before relaxing)
 .debug_str     0x0000063b      0x82c .\CortexM3\ARM_GCC_541\Debug\ForwardBias.a(CyLib.o)
                                0xa54 (size before relaxing)
 .debug_str     0x00000e67      0x365 .\CortexM3\ARM_GCC_541\Debug\ForwardBias.a(cyPm.o)
                                0x740 (size before relaxing)
 .debug_str     0x000011cc      0x28d .\CortexM3\ARM_GCC_541\Debug\ForwardBias.a(UART.o)
                                0x482 (size before relaxing)
 .debug_str     0x00001459      0x183 .\CortexM3\ARM_GCC_541\Debug\ForwardBias.a(UART_IntClock.o)
                                0x343 (size before relaxing)
 .debug_str     0x000015dc      0x194 .\CortexM3\ARM_GCC_541\Debug\ForwardBias.a(ADC.o)
                                0x434 (size before relaxing)
 .debug_str     0x00001770       0x29 .\CortexM3\ARM_GCC_541\Debug\ForwardBias.a(ADC_INT.o)
                                0x19c (size before relaxing)
 .debug_str     0x00001799      0x179 .\CortexM3\ARM_GCC_541\Debug\ForwardBias.a(PWM.o)
                                0x35d (size before relaxing)
 .debug_str     0x00001912      0x16e .\CortexM3\ARM_GCC_541\Debug\ForwardBias.a(ADC_theACLK.o)
                                0x36e (size before relaxing)
 .debug_str     0x00001a80      0x11f .\CortexM3\ARM_GCC_541\Debug\ForwardBias.a(Timer.o)
                                0x302 (size before relaxing)
 .debug_str     0x00001b9f       0x62 .\CortexM3\ARM_GCC_541\Debug\ForwardBias.a(FlagPin.o)
                                0x1f9 (size before relaxing)
 .debug_str     0x00001c01       0x59 .\CortexM3\ARM_GCC_541\Debug\ForwardBias.a(detectingLED.o)
                                0x212 (size before relaxing)
 .debug_str     0x00001c5a       0x6b .\CortexM3\ARM_GCC_541\Debug\ForwardBias.a(StartTimePin.o)
                                0x212 (size before relaxing)
 .debug_str     0x00001cc5      0x1b4 .\CortexM3\ARM_GCC_541\Debug\ForwardBias.a(CyFlash.o)
                                0x3cd (size before relaxing)
 .debug_str     0x00001e79       0xac .\CortexM3\ARM_GCC_541\Debug\ForwardBias.a(CySpc.o)
                                0x345 (size before relaxing)

.debug_loc      0x00000000     0x234f
 *(.debug_loc)
 .debug_loc     0x00000000       0x92 .\CortexM3\ARM_GCC_541\Debug\main.o
 .debug_loc     0x00000092      0x27f .\CortexM3\ARM_GCC_541\Debug\cyfitter_cfg.o
 .debug_loc     0x00000311      0x144 .\CortexM3\ARM_GCC_541\Debug\Cm3Start.o
 .debug_loc     0x00000455      0xa11 .\CortexM3\ARM_GCC_541\Debug\ForwardBias.a(CyLib.o)
 .debug_loc     0x00000e66      0x1e4 .\CortexM3\ARM_GCC_541\Debug\ForwardBias.a(cyPm.o)
 .debug_loc     0x0000104a      0x258 .\CortexM3\ARM_GCC_541\Debug\ForwardBias.a(UART.o)
 .debug_loc     0x000012a2      0x128 .\CortexM3\ARM_GCC_541\Debug\ForwardBias.a(UART_IntClock.o)
 .debug_loc     0x000013ca      0x295 .\CortexM3\ARM_GCC_541\Debug\ForwardBias.a(ADC.o)
 .debug_loc     0x0000165f       0x26 .\CortexM3\ARM_GCC_541\Debug\ForwardBias.a(PWM.o)
 .debug_loc     0x00001685      0x14d .\CortexM3\ARM_GCC_541\Debug\ForwardBias.a(ADC_theACLK.o)
 .debug_loc     0x000017d2       0x42 .\CortexM3\ARM_GCC_541\Debug\ForwardBias.a(FlagPin.o)
 .debug_loc     0x00001814       0x42 .\CortexM3\ARM_GCC_541\Debug\ForwardBias.a(detectingLED.o)
 .debug_loc     0x00001856       0x42 .\CortexM3\ARM_GCC_541\Debug\ForwardBias.a(StartTimePin.o)
 .debug_loc     0x00001898      0x3b2 .\CortexM3\ARM_GCC_541\Debug\ForwardBias.a(CyFlash.o)
 .debug_loc     0x00001c4a      0x705 .\CortexM3\ARM_GCC_541\Debug\ForwardBias.a(CySpc.o)

.debug_macinfo
 *(.debug_macinfo)

.debug_ranges   0x00000000      0x880
 *(.debug_ranges)
 .debug_ranges  0x00000000       0x20 .\CortexM3\ARM_GCC_541\Debug\main.o
 .debug_ranges  0x00000020       0x48 .\CortexM3\ARM_GCC_541\Debug\cyfitter_cfg.o
 .debug_ranges  0x00000068       0x38 .\CortexM3\ARM_GCC_541\Debug\Cm3Start.o
 .debug_ranges  0x000000a0      0x290 .\CortexM3\ARM_GCC_541\Debug\ForwardBias.a(CyLib.o)
 .debug_ranges  0x00000330       0x88 .\CortexM3\ARM_GCC_541\Debug\ForwardBias.a(cyPm.o)
 .debug_ranges  0x000003b8       0xe0 .\CortexM3\ARM_GCC_541\Debug\ForwardBias.a(UART.o)
 .debug_ranges  0x00000498       0x60 .\CortexM3\ARM_GCC_541\Debug\ForwardBias.a(UART_IntClock.o)
 .debug_ranges  0x000004f8       0x98 .\CortexM3\ARM_GCC_541\Debug\ForwardBias.a(ADC.o)
 .debug_ranges  0x00000590       0x10 .\CortexM3\ARM_GCC_541\Debug\ForwardBias.a(ADC_INT.o)
 .debug_ranges  0x000005a0       0x98 .\CortexM3\ARM_GCC_541\Debug\ForwardBias.a(PWM.o)
 .debug_ranges  0x00000638       0x70 .\CortexM3\ARM_GCC_541\Debug\ForwardBias.a(ADC_theACLK.o)
 .debug_ranges  0x000006a8       0x78 .\CortexM3\ARM_GCC_541\Debug\ForwardBias.a(Timer.o)
 .debug_ranges  0x00000720       0x28 .\CortexM3\ARM_GCC_541\Debug\ForwardBias.a(FlagPin.o)
 .debug_ranges  0x00000748       0x28 .\CortexM3\ARM_GCC_541\Debug\ForwardBias.a(detectingLED.o)
 .debug_ranges  0x00000770       0x28 .\CortexM3\ARM_GCC_541\Debug\ForwardBias.a(StartTimePin.o)
 .debug_ranges  0x00000798       0x78 .\CortexM3\ARM_GCC_541\Debug\ForwardBias.a(CyFlash.o)
 .debug_ranges  0x00000810       0x70 .\CortexM3\ARM_GCC_541\Debug\ForwardBias.a(CySpc.o)

.comment        0x00000000       0x6e
 .comment       0x00000000       0x6e .\CortexM3\ARM_GCC_541\Debug\main.o
                                 0x6f (size before relaxing)
 .comment       0x0000006e       0x6f .\CortexM3\ARM_GCC_541\Debug\cyfitter_cfg.o
 .comment       0x0000006e       0x6f .\CortexM3\ARM_GCC_541\Debug\cymetadata.o
 .comment       0x0000006e       0x6f .\CortexM3\ARM_GCC_541\Debug\Cm3Start.o
 .comment       0x0000006e       0x6f .\CortexM3\ARM_GCC_541\Debug\ForwardBias.a(CyLib.o)
 .comment       0x0000006e       0x6f .\CortexM3\ARM_GCC_541\Debug\ForwardBias.a(cyPm.o)
 .comment       0x0000006e       0x6f .\CortexM3\ARM_GCC_541\Debug\ForwardBias.a(UART.o)
 .comment       0x0000006e       0x6f .\CortexM3\ARM_GCC_541\Debug\ForwardBias.a(UART_IntClock.o)
 .comment       0x0000006e       0x6f .\CortexM3\ARM_GCC_541\Debug\ForwardBias.a(ADC.o)
 .comment       0x0000006e       0x6f .\CortexM3\ARM_GCC_541\Debug\ForwardBias.a(ADC_INT.o)
 .comment       0x0000006e       0x6f .\CortexM3\ARM_GCC_541\Debug\ForwardBias.a(PWM.o)
 .comment       0x0000006e       0x6f .\CortexM3\ARM_GCC_541\Debug\ForwardBias.a(ADC_theACLK.o)
 .comment       0x0000006e       0x6f .\CortexM3\ARM_GCC_541\Debug\ForwardBias.a(Timer.o)
 .comment       0x0000006e       0x6f .\CortexM3\ARM_GCC_541\Debug\ForwardBias.a(FlagPin.o)
 .comment       0x0000006e       0x6f .\CortexM3\ARM_GCC_541\Debug\ForwardBias.a(detectingLED.o)
 .comment       0x0000006e       0x6f .\CortexM3\ARM_GCC_541\Debug\ForwardBias.a(StartTimePin.o)
 .comment       0x0000006e       0x6f .\CortexM3\ARM_GCC_541\Debug\ForwardBias.a(CyFlash.o)
 .comment       0x0000006e       0x6f .\CortexM3\ARM_GCC_541\Debug\ForwardBias.a(CySpc.o)

.debug_weaknames
 *(.debug_weaknames)

.debug_funcnames
 *(.debug_funcnames)

.debug_typenames
 *(.debug_typenames)

.debug_varnames
 *(.debug_varnames)

.note.gnu.arm.ident
 *(.note.gnu.arm.ident)

.ARM.attributes
                0x00000000       0x29
 *(.ARM.attributes)
 .ARM.attributes
                0x00000000       0x1d c:/program files (x86)/cypress/psoc creator/4.4/psoc creator/import/gnu/arm/5.4.1/bin/../lib/gcc/arm-none-eabi/5.4.1/armv7-m/crti.o
 .ARM.attributes
                0x0000001d       0x2d c:/program files (x86)/cypress/psoc creator/4.4/psoc creator/import/gnu/arm/5.4.1/bin/../lib/gcc/arm-none-eabi/5.4.1/armv7-m/crtbegin.o
 .ARM.attributes
                0x0000004a       0x1b c:/program files (x86)/cypress/psoc creator/4.4/psoc creator/import/gnu/arm/5.4.1/bin/../lib/gcc/arm-none-eabi/5.4.1/../../../../arm-none-eabi/lib/armv7-m/crt0.o
 .ARM.attributes
                0x00000065       0x33 .\CortexM3\ARM_GCC_541\Debug\main.o
 .ARM.attributes
                0x00000098       0x33 .\CortexM3\ARM_GCC_541\Debug\cyfitter_cfg.o
 .ARM.attributes
                0x000000cb       0x33 .\CortexM3\ARM_GCC_541\Debug\cymetadata.o
 .ARM.attributes
                0x000000fe       0x33 .\CortexM3\ARM_GCC_541\Debug\Cm3Start.o
 .ARM.attributes
                0x00000131       0x33 .\CortexM3\ARM_GCC_541\Debug\ForwardBias.a(CyLib.o)
 .ARM.attributes
                0x00000164       0x33 .\CortexM3\ARM_GCC_541\Debug\ForwardBias.a(cyPm.o)
 .ARM.attributes
                0x00000197       0x33 .\CortexM3\ARM_GCC_541\Debug\ForwardBias.a(UART.o)
 .ARM.attributes
                0x000001ca       0x33 .\CortexM3\ARM_GCC_541\Debug\ForwardBias.a(UART_IntClock.o)
 .ARM.attributes
                0x000001fd       0x33 .\CortexM3\ARM_GCC_541\Debug\ForwardBias.a(ADC.o)
 .ARM.attributes
                0x00000230       0x33 .\CortexM3\ARM_GCC_541\Debug\ForwardBias.a(ADC_INT.o)
 .ARM.attributes
                0x00000263       0x33 .\CortexM3\ARM_GCC_541\Debug\ForwardBias.a(PWM.o)
 .ARM.attributes
                0x00000296       0x33 .\CortexM3\ARM_GCC_541\Debug\ForwardBias.a(ADC_theACLK.o)
 .ARM.attributes
                0x000002c9       0x33 .\CortexM3\ARM_GCC_541\Debug\ForwardBias.a(Timer.o)
 .ARM.attributes
                0x000002fc       0x33 .\CortexM3\ARM_GCC_541\Debug\ForwardBias.a(FlagPin.o)
 .ARM.attributes
                0x0000032f       0x33 .\CortexM3\ARM_GCC_541\Debug\ForwardBias.a(detectingLED.o)
 .ARM.attributes
                0x00000362       0x33 .\CortexM3\ARM_GCC_541\Debug\ForwardBias.a(StartTimePin.o)
 .ARM.attributes
                0x00000395       0x21 .\CortexM3\ARM_GCC_541\Debug\ForwardBias.a(CyBootAsmGnu.o)
 .ARM.attributes
                0x000003b6       0x33 .\CortexM3\ARM_GCC_541\Debug\ForwardBias.a(CyFlash.o)
 .ARM.attributes
                0x000003e9       0x33 .\CortexM3\ARM_GCC_541\Debug\ForwardBias.a(CySpc.o)
 .ARM.attributes
                0x0000041c       0x1d c:/program files (x86)/cypress/psoc creator/4.4/psoc creator/import/gnu/arm/5.4.1/bin/../lib/gcc/arm-none-eabi/5.4.1/armv7-m\libgcc.a(_arm_addsubsf3.o)
 .ARM.attributes
                0x00000439       0x1d c:/program files (x86)/cypress/psoc creator/4.4/psoc creator/import/gnu/arm/5.4.1/bin/../lib/gcc/arm-none-eabi/5.4.1/armv7-m\libgcc.a(_arm_muldivsf3.o)
 .ARM.attributes
                0x00000456       0x1d c:/program files (x86)/cypress/psoc creator/4.4/psoc creator/import/gnu/arm/5.4.1/bin/../lib/gcc/arm-none-eabi/5.4.1/armv7-m\libgcc.a(_aeabi_ldivmod.o)
 .ARM.attributes
                0x00000473       0x2d c:/program files (x86)/cypress/psoc creator/4.4/psoc creator/import/gnu/arm/5.4.1/bin/../lib/gcc/arm-none-eabi/5.4.1/armv7-m\libgcc.a(_udivmoddi4.o)
 .ARM.attributes
                0x000004a0       0x1d c:/program files (x86)/cypress/psoc creator/4.4/psoc creator/import/gnu/arm/5.4.1/bin/../lib/gcc/arm-none-eabi/5.4.1/armv7-m\libgcc.a(_dvmd_tls.o)
 .ARM.attributes
                0x000004bd       0x2d c:/program files (x86)/cypress/psoc creator/4.4/psoc creator/import/gnu/arm/5.4.1/bin/../lib/gcc/arm-none-eabi/5.4.1/../../../../arm-none-eabi/lib/armv7-m\libg_nano.a(lib_a-errno.o)
 .ARM.attributes
                0x000004ea       0x2d c:/program files (x86)/cypress/psoc creator/4.4/psoc creator/import/gnu/arm/5.4.1/bin/../lib/gcc/arm-none-eabi/5.4.1/../../../../arm-none-eabi/lib/armv7-m\libg_nano.a(lib_a-exit.o)
 .ARM.attributes
                0x00000517       0x2d c:/program files (x86)/cypress/psoc creator/4.4/psoc creator/import/gnu/arm/5.4.1/bin/../lib/gcc/arm-none-eabi/5.4.1/../../../../arm-none-eabi/lib/armv7-m\libg_nano.a(lib_a-impure.o)
 .ARM.attributes
                0x00000544       0x2d c:/program files (x86)/cypress/psoc creator/4.4/psoc creator/import/gnu/arm/5.4.1/bin/../lib/gcc/arm-none-eabi/5.4.1/../../../../arm-none-eabi/lib/armv7-m\libg_nano.a(lib_a-init.o)
 .ARM.attributes
                0x00000571       0x2d c:/program files (x86)/cypress/psoc creator/4.4/psoc creator/import/gnu/arm/5.4.1/bin/../lib/gcc/arm-none-eabi/5.4.1/../../../../arm-none-eabi/lib/armv7-m\libg_nano.a(lib_a-memcpy-stub.o)
 .ARM.attributes
                0x0000059e       0x2d c:/program files (x86)/cypress/psoc creator/4.4/psoc creator/import/gnu/arm/5.4.1/bin/../lib/gcc/arm-none-eabi/5.4.1/../../../../arm-none-eabi/lib/armv7-m\libg_nano.a(lib_a-memset.o)
 .ARM.attributes
                0x000005cb       0x2d c:/program files (x86)/cypress/psoc creator/4.4/psoc creator/import/gnu/arm/5.4.1/bin/../lib/gcc/arm-none-eabi/5.4.1/../../../../arm-none-eabi/lib/armv7-m\libg_nano.a(lib_a-sprintf.o)
 .ARM.attributes
                0x000005f8       0x2d c:/program files (x86)/cypress/psoc creator/4.4/psoc creator/import/gnu/arm/5.4.1/bin/../lib/gcc/arm-none-eabi/5.4.1/../../../../arm-none-eabi/lib/armv7-m\libg_nano.a(lib_a-nano-svfprintf.o)
 .ARM.attributes
                0x00000625       0x2d c:/program files (x86)/cypress/psoc creator/4.4/psoc creator/import/gnu/arm/5.4.1/bin/../lib/gcc/arm-none-eabi/5.4.1/../../../../arm-none-eabi/lib/armv7-m\libg_nano.a(lib_a-nano-vfprintf_i.o)
 .ARM.attributes
                0x00000652       0x2d c:/program files (x86)/cypress/psoc creator/4.4/psoc creator/import/gnu/arm/5.4.1/bin/../lib/gcc/arm-none-eabi/5.4.1/../../../../arm-none-eabi/lib/armv7-m\libg_nano.a(lib_a-memchr-stub.o)
 .ARM.attributes
                0x0000067f       0x2d c:/program files (x86)/cypress/psoc creator/4.4/psoc creator/import/gnu/arm/5.4.1/bin/../lib/gcc/arm-none-eabi/5.4.1/../../../../arm-none-eabi/lib/armv7-m\libg_nano.a(lib_a-memmove.o)
 .ARM.attributes
                0x000006ac       0x2d c:/program files (x86)/cypress/psoc creator/4.4/psoc creator/import/gnu/arm/5.4.1/bin/../lib/gcc/arm-none-eabi/5.4.1/../../../../arm-none-eabi/lib/armv7-m\libg_nano.a(lib_a-nano-freer.o)
 .ARM.attributes
                0x000006d9       0x2d c:/program files (x86)/cypress/psoc creator/4.4/psoc creator/import/gnu/arm/5.4.1/bin/../lib/gcc/arm-none-eabi/5.4.1/../../../../arm-none-eabi/lib/armv7-m\libg_nano.a(lib_a-nano-mallocr.o)
 .ARM.attributes
                0x00000706       0x2d c:/program files (x86)/cypress/psoc creator/4.4/psoc creator/import/gnu/arm/5.4.1/bin/../lib/gcc/arm-none-eabi/5.4.1/../../../../arm-none-eabi/lib/armv7-m\libg_nano.a(lib_a-nano-reallocr.o)
 .ARM.attributes
                0x00000733       0x2d c:/program files (x86)/cypress/psoc creator/4.4/psoc creator/import/gnu/arm/5.4.1/bin/../lib/gcc/arm-none-eabi/5.4.1/../../../../arm-none-eabi/lib/armv7-m\libg_nano.a(lib_a-sbrkr.o)
 .ARM.attributes
                0x00000760       0x2d c:/program files (x86)/cypress/psoc creator/4.4/psoc creator/import/gnu/arm/5.4.1/bin/../lib/gcc/arm-none-eabi/5.4.1/../../../../arm-none-eabi/lib/armv7-m\libg_nano.a(lib_a-mlock.o)
 .ARM.attributes
                0x0000078d       0x2d c:/program files (x86)/cypress/psoc creator/4.4/psoc creator/import/gnu/arm/5.4.1/bin/../lib/gcc/arm-none-eabi/5.4.1/../../../../arm-none-eabi/lib/armv7-m\libg_nano.a(lib_a-nano-msizer.o)
 .ARM.attributes
                0x000007ba       0x2d c:/program files (x86)/cypress/psoc creator/4.4/psoc creator/import/gnu/arm/5.4.1/bin/../lib/gcc/arm-none-eabi/5.4.1/../../../../arm-none-eabi/lib/armv7-m\libg_nano.a(lib_a-reent.o)
 .ARM.attributes
                0x000007e7       0x2d c:/program files (x86)/cypress/psoc creator/4.4/psoc creator/import/gnu/arm/5.4.1/bin/../lib/gcc/arm-none-eabi/5.4.1/armv7-m/crtend.o
 .ARM.attributes
                0x00000814       0x1d c:/program files (x86)/cypress/psoc creator/4.4/psoc creator/import/gnu/arm/5.4.1/bin/../lib/gcc/arm-none-eabi/5.4.1/armv7-m/crtn.o

/DISCARD/
 *(.note.GNU-stack)
OUTPUT(C:\Users\noryp\OneDrive\Documents\PSoC Creator\PartIVProject\ForwardBias.cydsn\CortexM3\ARM_GCC_541\Debug\ForwardBias.elf elf32-littlearm)
